[Project Cognition] Using configured task database: Tasks (584fba44-0a9c-4932-a3b7-7358b4544a04)
=== PROJECT COGNITION — D2.4: STABILITY-GOVERNED SUGGESTED PROJECT PERSISTENCE ===
[Project Cognition] Historical tasks observed: 750/1000
[Project Cognition] Active tasks observed: 250/1000
[Project Cognition] Project affinity groups: 16; unassigned_historical=624
[Project Cognition] Top historical terms: bread:133, workshop:54, flour:34, empty:33, pool:32, basement:30, labels:29, print:29, focaccia:29, confirm:25
[Project Cognition] Neighborhood Project: Workshops and Teaching — tasks=34; terms=workshop:24, bins:7, pizza:6, bread:6, baking:4, dining:4
[Project Cognition] Neighborhood Project: Bakery Operations and Supplies — tasks=28; terms=labels:17, bread:16, bags:10, print:10, costco:5, crunch:4
[Project Cognition] Neighborhood Project: Household Cleanup and Maintenance — tasks=12; terms=wash:4, hand:4, dishes:4, chemicals:3, pool:2, storage:2
[Project Cognition] Neighborhood suggested:weekly bakery production — tasks=8; terms=oatmeal:5, molasses:5, bread:5, ingredients:2, roll:1, pastry:1
[Project Cognition] Neighborhood Project: School Bread Program — tasks=6; terms=order:4, pickup:3, school:3, bread:3, delivery:2, bakery:2
[Project Cognition] Neighborhood Project: Recipe and Documentation Management — tasks=5; terms=recipe:3, print:2, granola:2, mise:1, place:1, recipes:1
[Project Cognition] Neighborhood Project: Pool Opening and Maintenance — tasks=5; terms=pool:5, skimmer:2, basket:1, brush:1, shed:1, backyard:1
[Project Cognition] Neighborhood suggested:bakery operations and supplies — tasks=4; terms=labels:4, bread:3, bags:2, oatmeal:2, molasses:2, print:1
[Project Cognition] Active affinity preview: candidates=12; read_only=true
[Project Cognition] Active candidate: Organize pool equipment for opening — Gather all pool equipment in one area. → Pool Opening and Maintenance (confidence=high; score=30; overlap=pool; runner_up=Pool Maintenance and Operations score=26 margin=4 ambiguity=high)
[Project Cognition] Active candidate: Move extra workshop bins to the basement → Workshops and Teaching (confidence=high; score=29; overlap=workshop, bins, basement; runner_up=suggested:workshops and teaching score=6 margin=23 ambiguity=low)
[Project Cognition] Active candidate: Print stickers for bread packaging → Bakery Operations and Supplies (confidence=high; score=28; overlap=stickers, packaging, bread, print)
[Project Cognition] Active candidate: Gather all packaging labels. → Bakery Operations and Supplies (confidence=high; score=24; overlap=labels, packaging; runner_up=suggested:bakery operations and supplies score=12 margin=12 ambiguity=low)
[Project Cognition] Active candidate: Create packaging labels → Bakery Operations and Supplies (confidence=high; score=24; overlap=labels, packaging; runner_up=suggested:bakery operations and supplies score=12 margin=12 ambiguity=low)
[Project Cognition] Active candidate: Check skimmer basket in pool → Pool Opening and Maintenance (confidence=high; score=22; overlap=pool, skimmer, basket; runner_up=Pool Maintenance and Operations score=12 margin=10 ambiguity=medium)
[Project Cognition] Active candidate: Send email to participants for Bread Club workshop → Workshops and Teaching (confidence=high; score=20; overlap=workshop, bread; runner_up=suggested:workshops and teaching score=9 margin=11 ambiguity=low)
[Project Cognition] Active candidate: Put away extra bag of pool salt → Pool Opening and Maintenance (confidence=high; score=17; overlap=pool, salt; runner_up=Pool Maintenance and Operations score=12 margin=5 ambiguity=medium)
[Project Cognition] Overlapping project neighborhoods: candidates=10; read_only=true
[Project Cognition] Overlap candidate: School Bread Program ↔ suggested:school bread program (overlap=0.28; shared=school, del; risk=medium)
[Project Cognition] Overlap candidate: Pool Maintenance and Operations ↔ suggested:pool maintenance and supplies (overlap=0.27; shared=pool, chemicals, water; risk=medium)
[Project Cognition] Overlap candidate: suggested:pool maintenance and preparation ↔ suggested:pool maintenance and operations (overlap=0.27; shared=pool, botboy; risk=medium)
[Project Cognition] Overlap candidate: suggested:pool maintenance and supplies ↔ suggested:pool maintenance and preparation (overlap=0.24; shared=pool, water; risk=medium)
[Project Cognition] Overlap candidate: Pool Opening and Maintenance ↔ Pool Maintenance and Operations (overlap=0.23; shared=pool; risk=medium)
[Project Cognition] Overlap candidate: Pool Maintenance and Operations ↔ suggested:pool maintenance and preparation (overlap=0.20; shared=pool, water; risk=medium)
[Project Cognition] Canonical consolidation suggestions: candidates=3; read_only=true
[Project Cognition] Consolidation suggestion: canonical=Pool Opening and Maintenance absorbs=Pool Maintenance and Operations, suggested:pool maintenance and operations, suggested:pool maintenance and preparation, suggested:pool maintenance and supplies (risk=medium; overlaps=8; shared=pool, water, chemicals, botboy, skimmer; action=manual_review_only)
[Project Cognition] Consolidation suggestion: canonical=School Bread Program absorbs=suggested:school bread program (risk=medium; overlaps=1; shared=school, del; action=manual_review_only)
[Project Cognition] Consolidation suggestion: canonical=Bakery Operations and Supplies absorbs=suggested:bakery operations and supplies (risk=medium; overlaps=1; shared=labels, focaccia; action=manual_review_only)
[Project Cognition] Affinity weighting: weak_terms_discounted=true; one_word_broad_matches_suppressed=true
[Project Cognition] Strong-domain confidence: anchor_terms_enabled=true; threshold=14; broad_terms_still_suppressed=true
[Project Cognition] Runner-up ambiguity: enabled=true; ambiguous_candidates=7; writeback_guard=active
[Project Cognition] Project overlap detection: enabled=true; overlap_candidates=10; writeback_guard=active
[Project Cognition] Consolidation suggestions: enabled=true; suggestions=3; writeback_guard=active
[Project Cognition] Suggested Project persistence preview: write_candidates=2; suppressed=10; full_plan=explicit_only
[Project Cognition] Suggested Project write candidate: Move extra workshop bins to the basement → Workshops and Teaching (confidence=high; ambiguity=low; reason=safe_high_confidence_low_ambiguity; action=staging_field_only)
[Project Cognition] Suggested Project write candidate: Send email to participants for Bread Club workshop → Workshops and Teaching (confidence=high; ambiguity=low; reason=safe_high_confidence_low_ambiguity; action=staging_field_only)
[Project Cognition] Suggested Project suppressed: Organize pool equipment for opening — Gather all pool equipment in one area. → Pool Opening and Maintenance (reason=canonical_preference_ambiguity_guard; confidence=high; ambiguity=high)
[Project Cognition] Suggested Project suppressed: Print stickers for bread packaging → Bakery Operations and Supplies (reason=weak_canonical_preference_guard; confidence=high; ambiguity=none)
[Project Cognition] Suggested Project suppressed: Gather all packaging labels. → Bakery Operations and Supplies (reason=weak_canonical_preference_guard; confidence=high; ambiguity=low)
[Project Cognition] Suggested Project suppressed: Create packaging labels → Bakery Operations and Supplies (reason=weak_canonical_preference_guard; confidence=high; ambiguity=low)
[Project Cognition] Suggested Project suppressed: Check skimmer basket in pool → Pool Opening and Maintenance (reason=canonical_preference_ambiguity_guard; confidence=high; ambiguity=medium)
[Project Cognition] Suggested Project suppressed: Put away extra bag of pool salt → Pool Opening and Maintenance (reason=canonical_preference_ambiguity_guard; confidence=high; ambiguity=medium)
[Project Cognition] Suggested Project suppressed: Buy a new plastic bin for pool equipment → Pool Opening and Maintenance (reason=canonical_preference_ambiguity_guard; confidence=high; ambiguity=medium)
[Project Cognition] Suggested Project suppressed: Test pool water → Pool Opening and Maintenance (reason=canonical_preference_ambiguity_guard; confidence=high; ambiguity=high)
[Project Cognition] Suggested Project stability telemetry: enabled=true; preview_candidates=12; existing_suggestions=12; stable_matches=6; drift_candidates=6; new_suggestions=0; writeback_guard=active
[Project Cognition] Suggested Project stability: project=Bakery Operations and Supplies stability=1.00; repeated_matches=4; drift=0; new=0
[Project Cognition] Suggested Project stability: project=Workshops and Teaching stability=1.00; repeated_matches=2; drift=0; new=0
[Project Cognition] Suggested Project stability: project=Pool Opening and Maintenance stability=0.00; repeated_matches=0; drift=6; new=0
[Project Cognition] Suggested Project drift: Organize pool equipment for opening — Gather all pool equipment in one area. existing=Pool Maintenance and Opening proposed=Pool Opening and Maintenance (confidence=high; ambiguity=high)
[Project Cognition] Suggested Project drift: Check skimmer basket in pool existing=Pool Maintenance and Supplies proposed=Pool Opening and Maintenance (confidence=high; ambiguity=medium)
[Project Cognition] Suggested Project drift: Put away extra bag of pool salt existing=Pool Maintenance and Supplies proposed=Pool Opening and Maintenance (confidence=high; ambiguity=medium)
[Project Cognition] Suggested Project drift: Buy a new plastic bin for pool equipment existing=Household Cleanup and Maintenance proposed=Pool Opening and Maintenance (confidence=high; ambiguity=medium)
[Project Cognition] Canonical project preference memory: enabled=true; preferences=3; drift_dampening=preview_only; writeback_guard=active
[Project Cognition] Canonical preference: canonical=Pool Opening and Maintenance strength=1.00; absorbs=Pool Maintenance and Operations, suggested:pool maintenance and operations, suggested:pool maintenance and preparation, suggested:pool maintenance and supplies; evidence=overlaps:8, absorbs:4, drift_toward:6, drift_against:6; action=manual_review_only
[Project Cognition] Canonical preference: canonical=Bakery Operations and Supplies strength=0.62; absorbs=suggested:bakery operations and supplies; evidence=overlaps:1, absorbs:1, stable:4; action=manual_review_only
[Project Cognition] Canonical preference: canonical=School Bread Program strength=0.22; absorbs=suggested:school bread program; evidence=overlaps:1, absorbs:1; action=manual_review_only
[Project Cognition] Canonical preference assisted suppression: enabled=true; safe_candidates=2; suppressed_by_preference=9; shadow_suppressed=0; weak_preference_suppressed=3; writeback_guard=active
[Project Cognition] Stability-governed Suggested Project persistence: enabled=true; auto_apply_default=true; eligible=2; suppressed=0; threshold=0.85; project_relation_mutation=disabled; execution_authority_impact=none
[Project Cognition] Stability-governed write eligible: Move extra workshop bins to the basement → Workshops and Teaching (stability=1.0; repeated=2; reason=stable_high_confidence_low_ambiguity; action=staging_field_only)
[Project Cognition] Stability-governed write eligible: Send email to participants for Bread Club workshop → Workshops and Teaching (stability=1.0; repeated=2; reason=stable_high_confidence_low_ambiguity; action=staging_field_only)
[Project Cognition] D2.4 mode: stability_governed_auto_writes=true; writes=bounded_to_stable_low_ambiguity_suggestions; project_relation_mutation=disabled; execution_authority_impact=none
[Project Cognition] Stability-governed Suggested Project writes applied: applied=2; failed=0; eligible=2; max_writes=5; mode=automatic_stable_subset; relation_mutations=0; execution_authority_impact=none
[Project Cognition] Project name resolution: resolved=8; unresolved=0
